warning: ark-goldilocks@0.1.0: Selected INV for -1 convention: 18446744069414584319
warning: unused imports: `Digest48` and `Digest64`
 --> crates/hash/src/sha3_impl.rs:2:37
  |
2 | use crate::digest_types::{Digest32, Digest48, Digest64};
  |                                     ^^^^^^^^  ^^^^^^^^
  |
  = note: `#[warn(unused_imports)]` on by default

warning: unused import: `sha3::Digest`
 --> crates/hash/src/selected.rs:6:5
  |
6 | use sha3::Digest;   // re-export the trait so callers can do Digest::update
  |     ^^^^^^^^^^^^

warning: `hash` (lib) generated 2 warnings (run `cargo fix --lib -p hash` to apply 2 suggestions)
warning: unused import: `std::collections::HashMap`
 --> crates/deep_ali/src/trace_import.rs:6:5
  |
6 | use std::collections::HashMap;
  |     ^^^^^^^^^^^^^^^^^^^^^^^^^
  |
  = note: `#[warn(unused_imports)]` on by default

warning: unused imports: `Field`, `One`, and `Zero`
  --> crates/deep_ali/src/octic_ext.rs:16:14
   |
16 | use ark_ff::{Zero, One, Field};
   |              ^^^^  ^^^  ^^^^^

warning: unused import: `UniformRand`
  --> crates/deep_ali/src/air_workloads.rs:16:32
   |
16 | use ark_ff::{Field, Zero, One, UniformRand};
   |                                ^^^^^^^^^^^

warning: unused imports: `SeedableRng` and `rngs::StdRng`
  --> crates/deep_ali/src/air_workloads.rs:18:12
   |
18 | use rand::{rngs::StdRng, SeedableRng};
   |            ^^^^^^^^^^^^  ^^^^^^^^^^^

warning: unused imports: `Field` and `PrimeField`
   --> crates/deep_ali/src/sha256_air.rs:129:14
    |
129 | use ark_ff::{Field, Zero, One, PrimeField};
    |              ^^^^^             ^^^^^^^^^^

warning: unused import: `BigInteger`
    --> crates/deep_ali/src/sha512_air.rs:1302:18
     |
1302 |     use ark_ff::{BigInteger, PrimeField};
     |                  ^^^^^^^^^^

warning: unused import: `Field`
  --> crates/deep_ali/src/ed25519_field_air.rs:93:14
   |
93 | use ark_ff::{Field, Zero, One};
   |              ^^^^^

warning: unused import: `BigInteger`
   --> crates/deep_ali/src/ed25519_field_air.rs:176:18
    |
176 |     use ark_ff::{BigInteger, PrimeField};
    |                  ^^^^^^^^^^

warning: unused import: `Field`
  --> crates/deep_ali/src/ed25519_group_air.rs:61:14
   |
61 | use ark_ff::{Field, Zero, One};
   |              ^^^^^

warning: unused imports: `ELEMENT_CELLS`, `SELECT_GADGET_OWNED_CELLS`, and `place_element`
  --> crates/deep_ali/src/ed25519_group_air.rs:69:25
   |
69 |     SelectGadgetLayout, SELECT_GADGET_OWNED_CELLS, SELECT_GADGET_CONSTRAINTS,
   |                         ^^^^^^^^^^^^^^^^^^^^^^^^^
70 |     place_element, read_element, fill_add_gadget, eval_add_gadget,
   |     ^^^^^^^^^^^^^
...
73 |     ELEMENT_LIMB_CELLS, ELEMENT_CELLS,
   |                         ^^^^^^^^^^^^^

warning: unused import: `Field`
  --> crates/deep_ali/src/ed25519_scalar_air.rs:51:14
   |
51 | use ark_ff::{Field, Zero, One};
   |              ^^^^^

warning: unused imports: `One` and `Zero`
  --> crates/deep_ali/src/ed25519_scalar_mult_air.rs:38:21
   |
38 | use ark_ff::{Field, Zero, One};
   |                     ^^^^  ^^^

warning: unused imports: `place_element` and `read_element`
  --> crates/deep_ali/src/ed25519_scalar_mult_air.rs:42:32
   |
42 | use crate::ed25519_field_air::{place_element, read_element};
   |                                ^^^^^^^^^^^^^  ^^^^^^^^^^^^

warning: unused import: `read_cond_add_output`
  --> crates/deep_ali/src/ed25519_scalar_mult_air.rs:49:5
   |
49 |     read_cond_add_output,
   |     ^^^^^^^^^^^^^^^^^^^^

warning: unused imports: `pad_message_to_blocks` and `self`
  --> crates/deep_ali/src/ed25519_verify_air.rs:92:5
   |
92 |     self, ROWS_PER_BLOCK as SHA512_ROWS_PER_BLOCK,
   |     ^^^^
...
95 |     pad_message_to_blocks,
   |     ^^^^^^^^^^^^^^^^^^^^^

warning: unused imports: `SCALAR_REDUCE_OWNED_CELLS` and `self`
  --> crates/deep_ali/src/ed25519_verify_air.rs:98:5
   |
98 |     self, ScalarReduceGadgetLayout,
   |     ^^^^
99 |     SCALAR_REDUCE_OWNED_CELLS, SCALAR_REDUCE_CONSTRAINTS,
   |     ^^^^^^^^^^^^^^^^^^^^^^^^^

warning: unused imports: `MUL_GADGET_OWNED_CELLS` and `SUB_GADGET_OWNED_CELLS`
   --> crates/deep_ali/src/ed25519_verify_air.rs:108:22
    |
108 |     SubGadgetLayout, SUB_GADGET_OWNED_CELLS, SUB_GADGET_CONSTRAINTS,
    |                      ^^^^^^^^^^^^^^^^^^^^^^
109 |     fill_sub_gadget, eval_sub_gadget,
110 |     MulGadgetLayout, MUL_GADGET_OWNED_CELLS, MUL_GADGET_CONSTRAINTS,
    |                      ^^^^^^^^^^^^^^^^^^^^^^

warning: unused import: `rsa_mul_gadget_constraints`
  --> crates/deep_ali/src/rsa2048_exp_air.rs:51:46
   |
51 |     fill_rsa_mul_gadget, limbs80_to_biguint, rsa_mul_gadget_constraints,
   |                                              ^^^^^^^^^^^^^^^^^^^^^^^^^^

warning: unused imports: `One` and `Zero`
  --> crates/deep_ali/src/rsa2048_stacked_air.rs:25:14
   |
25 | use ark_ff::{One, Zero};
   |              ^^^  ^^^^

warning: unused import: `rsa_exp_multirow_constraints`
  --> crates/deep_ali/src/rsa2048_stacked_air.rs:31:28
   |
31 |     fill_rsa_exp_multirow, rsa_exp_multirow_constraints,
   |                            ^^^^^^^^^^^^^^^^^^^^^^^^^^^^

warning: unused imports: `One` and `Zero`
  --> crates/deep_ali/src/p256_group_air.rs:84:14
   |
84 | use ark_ff::{One, Zero};
   |              ^^^  ^^^^

warning: unused imports: `SELECT_GADGET_OWNED_CELLS`, `SelectGadgetLayout`, `eval_select_gadget`, and `fill_select_gadget`
  --> crates/deep_ali/src/p256_group_air.rs:89:59
   |
89 |     eval_add_gadget, eval_freeze_gadget, eval_mul_gadget, eval_select_gadget,
   |                                                           ^^^^^^^^^^^^^^^^^^
90 |     eval_sub_gadget, fill_add_gadget, fill_freeze_gadget, fill_mul_gadget,
91 |     fill_select_gadget, fill_sub_gadget, AddGadgetLayout, FreezeGadgetLayout,
   |     ^^^^^^^^^^^^^^^^^^
92 |     MulGadgetLayout, SelectGadgetLayout, SubGadgetLayout,
   |                      ^^^^^^^^^^^^^^^^^^
...
95 |     MUL_GADGET_OWNED_CELLS, SELECT_GADGET_OWNED_CELLS, SUB_GADGET_OWNED_CELLS,
   |                             ^^^^^^^^^^^^^^^^^^^^^^^^^

warning: unused imports: `One` and `Zero`
  --> crates/deep_ali/src/p256_scalar_mul_air.rs:40:14
   |
40 | use ark_ff::{One, Zero};
   |              ^^^  ^^^^

warning: unused import: `crate::p256_field_air::ELEMENT_BIT_CELLS`
  --> crates/deep_ali/src/p256_scalar_mul_air.rs:85:9
   |
85 |     use crate::p256_field_air::ELEMENT_BIT_CELLS;
   |         ^^^^^^^^^^^^^^^^^^^^^^^^^^^^^^^^^^^^^^^^

warning: unused import: `One`
  --> crates/deep_ali/src/p256_scalar_mul_multirow_air.rs:49:14
   |
49 | use ark_ff::{One, Zero};
   |              ^^^

warning: unused imports: `One` and `Zero`
  --> crates/deep_ali/src/p256_fermat_air.rs:29:14
   |
29 | use ark_ff::{One, Zero};
   |              ^^^  ^^^^

warning: unused import: `LIMB_BITS`
  --> crates/deep_ali/src/p256_fermat_air.rs:32:25
   |
32 | use crate::p256_field::{LIMB_BITS, NUM_LIMBS};
   |                         ^^^^^^^^^

warning: unused imports: `One` and `Zero`
  --> crates/deep_ali/src/p256_fp_fermat_air.rs:27:14
   |
27 | use ark_ff::{One, Zero};
   |              ^^^  ^^^^

warning: unused import: `LIMB_BITS`
  --> crates/deep_ali/src/p256_fp_fermat_air.rs:30:39
   |
30 | use crate::p256_field::{FieldElement, LIMB_BITS, NUM_LIMBS};
   |                                       ^^^^^^^^^

warning: unused import: `crate::p256_field_air::ELEMENT_BIT_CELLS`
  --> crates/deep_ali/src/p256_ecdsa_air.rs:35:5
   |
35 | use crate::p256_field_air::ELEMENT_BIT_CELLS;
   |     ^^^^^^^^^^^^^^^^^^^^^^^^^^^^^^^^^^^^^^^^

warning: unused import: `ELEMENT_BIT_CELLS`
  --> crates/deep_ali/src/p256_ecdsa_air_v2.rs:45:5
   |
45 |     ELEMENT_BIT_CELLS, MUL_CARRY_BITS, MUL_CARRY_POSITIONS,
   |     ^^^^^^^^^^^^^^^^^

warning: unused import: `crate::ml_dsa_field`
  --> crates/deep_ali/src/ml_dsa_field_air.rs:46:5
   |
46 | use crate::ml_dsa_field;
   |     ^^^^^^^^^^^^^^^^^^^

warning: unused import: `crate::ml_dsa_norm_check::Z_BOUND`
  --> crates/deep_ali/src/ml_dsa_norm_check_air.rs:33:5
   |
33 | use crate::ml_dsa_norm_check::Z_BOUND;
   |     ^^^^^^^^^^^^^^^^^^^^^^^^^^^^^^^^^

warning: unused import: `One`
  --> crates/deep_ali/src/ml_dsa_verify_air.rs:64:14
   |
64 | use ark_ff::{One, Zero};
   |              ^^^

warning: unused import: `Q`
  --> crates/deep_ali/src/ml_dsa_verify_air_v15.rs:50:38
   |
50 | use crate::ml_dsa::params::{K, L, N, Q};
   |                                      ^

warning: unused import: `Zero`
  --> crates/deep_ali/src/keccak_f1600_air.rs:52:19
   |
52 | use ark_ff::{One, Zero};
   |                   ^^^^

warning: unnecessary parentheses around block return value
   --> crates/deep_ali/src/keccak_f1600_air.rs:133:5
    |
133 |     (0..ROUND_WIDTH)
    |     ^              ^
    |
    = note: `#[warn(unused_parens)]` on by default
help: remove these parentheses
    |
133 -     (0..ROUND_WIDTH)
133 +     0..ROUND_WIDTH
    |

warning: unused imports: `LANE_BITS`, `STATE_BITS`, and `cols`
  --> crates/deep_ali/src/ml_dsa_shake_absorb_air.rs:63:11
   |
63 |     self, cols, post_iota_col, LANE_BITS, ROUND_WIDTH, STATE_BITS,
   |           ^^^^                 ^^^^^^^^^               ^^^^^^^^^^

warning: unused import: `state_in_col`
  --> crates/deep_ali/src/ml_dsa_shake_absorb_multi_air.rs:55:32
   |
55 |     self, cols, post_iota_col, state_in_col, LANE_BITS, ROUND_WIDTH, STATE_BITS,
   |                                ^^^^^^^^^^^^

warning: unused import: `state_in_col`
  --> crates/deep_ali/src/ml_dsa_shake_squeeze_air.rs:58:32
   |
58 |     self, cols, post_iota_col, state_in_col, LANE_BITS, ROUND_WIDTH, STATE_BITS,
   |                                ^^^^^^^^^^^^

warning: unused import: `NUM_LANES`
  --> crates/deep_ali/src/ml_dsa_transcript.rs:40:27
   |
40 | use crate::keccak_f1600::{NUM_LANES, ROUNDS};
   |                           ^^^^^^^^^

warning: unused imports: `LANE_BITS`, `ROUND_WIDTH`, `STATE_BITS`, and `cols`
  --> crates/deep_ali/src/ml_dsa_transcript.rs:41:31
   |
41 | use crate::keccak_f1600_air::{cols, post_iota_col, LANE_BITS, ROUND_WIDTH, STATE_BITS};
   |                               ^^^^                 ^^^^^^^^^  ^^^^^^^^^^^  ^^^^^^^^^^

warning: unused import: `ark_ff::Zero as _`
  --> crates/deep_ali/src/ml_dsa_intt_via_t7.rs:48:5
   |
48 | use ark_ff::Zero as _;
   |     ^^^^^^^^^^^^^^^^^

warning: unused import: `N`
  --> crates/deep_ali/src/ml_dsa_verify_air_v2_layout.rs:88:36
   |
88 |     use crate::ml_dsa::params::{K, N};
   |                                    ^

warning: unused import: `crate::keccak_f1600`
  --> crates/deep_ali/src/ml_dsa_verify_air_v2_orchestration.rs:51:5
   |
51 | use crate::keccak_f1600;
   |     ^^^^^^^^^^^^^^^^^^^

warning: unused import: `MultiAbsorbLayout`
  --> crates/deep_ali/src/ml_dsa_verify_air_v2_orchestration.rs:68:50
   |
68 | use crate::ml_dsa_shake_absorb_multi_air::{self, MultiAbsorbLayout};
   |                                                  ^^^^^^^^^^^^^^^^^

warning: unused import: `Zero as _`
  --> crates/deep_ali/src/sub_air_with_trace.rs:28:31
   |
28 | use ark_ff::{Field, One as _, Zero as _};
   |                               ^^^^^^^^^

warning: unused import: `Field`
 --> crates/deep_ali/src/lib.rs:7:14
  |
7 | use ark_ff::{Field, Zero};
  |              ^^^^^

warning: unused import: `Field`
  --> crates/deep_ali/src/ed25519_scalar_mult_air.rs:38:14
   |
38 | use ark_ff::{Field, Zero, One};
   |              ^^^^^

warning: unused import: `Field`
  --> crates/deep_ali/src/ed25519_verify_air.rs:88:14
   |
88 | use ark_ff::{Field, Zero, One};
   |              ^^^^^

warning: unused import: `num_traits::Zero`
  --> crates/deep_ali/src/rsa2048_field_air.rs:53:5
   |
53 | use num_traits::Zero as _;
   |     ^^^^^^^^^^^^^^^^

warning: unused import: `One`
  --> crates/deep_ali/src/p256_ecdsa_air.rs:31:14
   |
31 | use ark_ff::{One, Zero};
   |              ^^^

warning: value assigned to `z_current` is never read
    --> crates/deep_ali/src/fri.rs:1655:13
     |
1655 |             z_current = ext_pow(z_current, m as u64);
     |             ^^^^^^^^^
     |
     = help: maybe it is overwritten before being read?
     = note: `#[warn(unused_assignments)]` on by default

warning: value assigned to `cur_size` is never read
    --> crates/deep_ali/src/fri.rs:1745:9
     |
1745 |         cur_size = n_final;
     |         ^^^^^^^^
     |
     = help: maybe it is overwritten before being read?

warning: value assigned to `z_current` is never read
    --> crates/deep_ali/src/fri.rs:2276:13
     |
2276 |             z_current = ext_pow(z_current, m as u64);
     |             ^^^^^^^^^
     |
     = help: maybe it is overwritten before being read?

warning: value assigned to `k_bits` is never read
    --> crates/deep_ali/src/air_workloads.rs:1096:17
     |
1096 |         let mut k_bits = vec![false; 8];
     |                 ^^^^^^
     |
     = help: maybe it is overwritten before being read?

warning: `deep_ali` (lib) generated 56 warnings (run `cargo fix --lib -p deep_ali` to apply 47 suggestions)
warning: unused import: `PI_LANE_INDICES as _`
   --> crates/wrapper-stark/src/keccak_round_air.rs:308:30
    |
308 | use crate::sha3_absorb_air::{PI_LANE_INDICES as _, RHO_OFFSETS};
    |                              ^^^^^^^^^^^^^^^^^^^^
    |
    = note: `#[warn(unused_imports)]` on by default

warning: unused imports: `AlwaysConstraint`, `ColRef`, `RowUniformConstraint`, `SelectorIndex`, and `UniformRowSchema`
  --> crates/wrapper-stark/src/fri_bridge.rs:67:5
   |
67 |     AlwaysConstraint, ColRef, RowUniformConstraint, RowUniformOp,
   |     ^^^^^^^^^^^^^^^^  ^^^^^^  ^^^^^^^^^^^^^^^^^^^^
68 |     SelectorIndex, UniformAirConstraints, UniformRowSchema, UniformTrace,
   |     ^^^^^^^^^^^^^                         ^^^^^^^^^^^^^^^^

warning: unused import: `ark_goldilocks::Goldilocks`
   --> crates/wrapper-stark/src/fri_bridge.rs:186:5
    |
186 | use ark_goldilocks::Goldilocks;
    |     ^^^^^^^^^^^^^^^^^^^^^^^^^^

warning: unused imports: `Sha3Variant as _Sha3VariantUnused` and `keccak_round_bit_level`
   --> crates/wrapper-stark/src/row_uniform.rs:732:32
    |
732 |     BitState, ROUND_CONSTANTS, Sha3Variant as _Sha3VariantUnused,
    |                                ^^^^^^^^^^^^^^^^^^^^^^^^^^^^^^^^^
733 |     keccak_round_bit_level, lane_to_bits,
    |     ^^^^^^^^^^^^^^^^^^^^^^

warning: unused import: `ark_ff::Field`
  --> crates/wrapper-stark/src/wrapper_prover.rs:34:5
   |
34 | use ark_ff::Field;
   |     ^^^^^^^^^^^^^

warning: unused import: `crate::merkle_path_air::batched_merkle_cross_row_constraints`
   --> crates/wrapper-stark/src/merkle_prover.rs:470:9
    |
470 |     use crate::merkle_path_air::batched_merkle_cross_row_constraints;
    |         ^^^^^^^^^^^^^^^^^^^^^^^^^^^^^^^^^^^^^^^^^^^^^^^^^^^^^^^^^^^^

warning: unused import: `ark_ff::Field`
   --> crates/wrapper-stark/src/merkle_prover.rs:738:9
    |
738 |     use ark_ff::Field;
    |         ^^^^^^^^^^^^^

warning: unused import: `intt as intt_layout`
  --> crates/wrapper-stark/src/v2_recursion_bridge.rs:85:58
   |
85 | use deep_ali::ml_dsa_verify_air_v2_layout::{coeff_chain, intt as intt_layout, transcript as transcript_layout};
   |                                                          ^^^^^^^^^^^^^^^^^^^

warning: unused import: `DeepFriProof`
  --> crates/wrapper-stark/src/master_recursion_bridge.rs:40:20
   |
40 |     DeepFriParams, DeepFriProof, derive_z_ext_for_proof,
   |                    ^^^^^^^^^^^^

warning: unused import: `TraceAccess`
  --> crates/wrapper-stark/src/keccak_round_air.rs:41:45
   |
41 | use crate::bit_constraint::{BitOp, CellRef, TraceAccess};
   |                                             ^^^^^^^^^^^

warning: unused import: `Zero`
   --> crates/wrapper-stark/src/deep_ali_verifier_air.rs:817:25
    |
817 |     use ark_ff::{Field, Zero};
    |                         ^^^^

warning: `wrapper-stark` (lib) generated 11 warnings (run `cargo fix --lib -p wrapper-stark` to apply 9 suggestions)
warning: unused variable: `prod_scale_prove`
   --> crates/wrapper-stark/examples/fri_merkle_binding_bench.rs:201:9
    |
201 |     let prod_scale_prove = 6.0_f64;
    |         ^^^^^^^^^^^^^^^^ help: if this is intentional, prefix it with an underscore: `_prod_scale_prove`
    |
    = note: `#[warn(unused_variables)]` on by default

warning: `wrapper-stark` (example "fri_merkle_binding_bench") generated 1 warning
    Finished `release` profile [optimized] target(s) in 0.07s
     Running `target/release/examples/fri_merkle_binding_bench`
═══════════════════════════════════════════════════════════════════
 FRI-MERKLE BINDING BENCH — Phase 6 anchor
 sha3-256 / NIST L1 / smoke blowup=4 r=54 / N=1 inner, B=10 subset
═══════════════════════════════════════════════════════════════════

[1/6] Build inner v2 + recursive STARK …
  v2 witness synth:           0.1 ms
  v2 inner prove:             3.34 s
  recursive wrap prove:       295.1 ms
  inner.n_trace:              8192
  n_lde_inner:                32768
  L (FRI layers):             15
  r (queries):                54
  M_paths = r × L:            810
  inner.fri_proof size:       659404 B  (643.95 KiB)

[2/6] Extract FRI Merkle openings → B=10 subset binding claim …
  extract_fri_merkle_openings: 0.1 ms
  subset.batch_size:           10

[3/6] Phase 3 linear form: master STARK + 1 binding bundle …
  master prove:               417.0 ms
  binding (B=10) prove:       220.69 s
  master + binding verify:    5.1 ms
  master.fri_proof size:      706148 B  (689.60 KiB)
  binding.fri_proof size:     706148 B  (689.60 KiB)
  binding publics (off-wire): 512 B  (0.50 KiB)
  ──────────────────────────────────────────────
  Phase 3 L1 wire (master + binding):  1412296 B  (1379.20 KiB)

[4/6] Phase 4b compact form: master + binding aggregator + publics …
  aggregator prove:           213.9 ms
  aggregator verify:          2.3 ms
  aggregator.fri_proof size:  659404 B  (643.95 KiB)
  ──────────────────────────────────────────────
  Phase 4b L1 wire:           1366064 B  (1334.05 KiB)
    = master + aggregator + binding_publics

[5/6] Wire-cost comparison + L1 prod projection …

  Smoke (blowup=4 r=54) at N=1 B=10:
    Phase 3 (linear):       master 706148 B  (689.60 KiB) + binding 706148 B  (689.60 KiB) = 1412296 B  (1379.20 KiB)
    Phase 4b (compact):     master 706148 B  (689.60 KiB) + aggregator 659404 B  (643.95 KiB) + publics 512 B  (0.50 KiB) = 1366064 B  (1334.05 KiB)
    Compact saving at N=1:  3.3%

  Projected L1 prod (blowup=32, r=54):
    Phase 3 (linear):       282458 B  (275.84 KiB) (5× smaller proof shape)
    Phase 4b (compact):     273621 B  (267.21 KiB)

  Compact L1 wire vs N (prod blowup=32, r=54, B=810 full per-inner):
    N        Phase 3            Phase 4b      Saving
    ───────────────────────────────────────────────────
        1         11.04 MiB         0.30 MiB     97.3%
       10        109.23 MiB         0.66 MiB     99.4%
      100       1091.10 MiB         4.22 MiB     99.6%
     1000      10909.78 MiB        39.81 MiB     99.6%

[6/6] Sub-circuit 1a constraint count (Phase 5):
    Phase 3 (DEEP-quotient only): 4860 cons/inner
    Phase 5 (+ fold relation):    9396 cons/inner
    Constraint-count ratio:       1.93×

═══════════════════════════════════════════════════════════════════
 Bench complete.  See scripts/results/fri-merkle-binding-bench.md
 for narrative analysis + production calibration notes.
═══════════════════════════════════════════════════════════════════
