warning: ark-goldilocks@0.1.0: Selected INV for -1 convention: 18446744069414584319
warning: unused imports: `Digest32` and `Digest48`
 --> crates/hash/src/sha3_impl.rs:2:27
  |
2 | use crate::digest_types::{Digest32, Digest48, Digest64};
  |                           ^^^^^^^^  ^^^^^^^^
  |
  = note: `#[warn(unused_imports)]` on by default

warning: unused import: `sha3::Digest`
 --> crates/hash/src/selected.rs:6:5
  |
6 | use sha3::Digest;   // re-export the trait so callers can do Digest::update
  |     ^^^^^^^^^^^^

warning: `hash` (lib) generated 2 warnings (run `cargo fix --lib -p hash` to apply 2 suggestions)
warning: unused import: `std::collections::HashMap`
 --> crates/deep_ali/src/trace_import.rs:6:5
  |
6 | use std::collections::HashMap;
  |     ^^^^^^^^^^^^^^^^^^^^^^^^^
  |
  = note: `#[warn(unused_imports)]` on by default

warning: unused import: `rand::seq::SliceRandom`
    --> crates/deep_ali/src/fri.rs:3231:9
     |
3231 |     use rand::seq::SliceRandom;
     |         ^^^^^^^^^^^^^^^^^^^^^^

warning: unused import: `UniformRand`
  --> crates/deep_ali/src/air_workloads.rs:16:32
   |
16 | use ark_ff::{Field, Zero, One, UniformRand};
   |                                ^^^^^^^^^^^

warning: unused imports: `SeedableRng` and `rngs::StdRng`
  --> crates/deep_ali/src/air_workloads.rs:18:12
   |
18 | use rand::{rngs::StdRng, SeedableRng};
   |            ^^^^^^^^^^^^  ^^^^^^^^^^^

warning: unused import: `Field`
   --> crates/deep_ali/src/sha256_air.rs:129:14
    |
129 | use ark_ff::{Field, Zero, One, PrimeField};
    |              ^^^^^

warning: unused import: `BigInteger`
    --> crates/deep_ali/src/sha512_air.rs:1302:18
     |
1302 |     use ark_ff::{BigInteger, PrimeField};
     |                  ^^^^^^^^^^

warning: unused import: `BigInteger`
   --> crates/deep_ali/src/ed25519_field_air.rs:176:18
    |
176 |     use ark_ff::{BigInteger, PrimeField};
    |                  ^^^^^^^^^^

warning: unused import: `edwards::CompressedEdwardsY`
   --> crates/deep_ali/src/ed25519_group.rs:405:9
    |
405 |         edwards::CompressedEdwardsY,
    |         ^^^^^^^^^^^^^^^^^^^^^^^^^^^

warning: unused imports: `ELEMENT_CELLS`, `SELECT_GADGET_OWNED_CELLS`, and `place_element`
  --> crates/deep_ali/src/ed25519_group_air.rs:69:25
   |
69 |     SelectGadgetLayout, SELECT_GADGET_OWNED_CELLS, SELECT_GADGET_CONSTRAINTS,
   |                         ^^^^^^^^^^^^^^^^^^^^^^^^^
70 |     place_element, read_element, fill_add_gadget, eval_add_gadget,
   |     ^^^^^^^^^^^^^
...
73 |     ELEMENT_LIMB_CELLS, ELEMENT_CELLS,
   |                         ^^^^^^^^^^^^^

warning: unused import: `Field`
  --> crates/deep_ali/src/ed25519_scalar_air.rs:51:14
   |
51 | use ark_ff::{Field, Zero, One};
   |              ^^^^^

warning: unused import: `BigInteger`
   --> crates/deep_ali/src/ed25519_scalar_air.rs:637:30
    |
637 |                 use ark_ff::{BigInteger, PrimeField};
    |                              ^^^^^^^^^^

warning: unused import: `One`
  --> crates/deep_ali/src/ed25519_scalar_mult_air.rs:38:27
   |
38 | use ark_ff::{Field, Zero, One};
   |                           ^^^

warning: unused imports: `place_element` and `read_element`
  --> crates/deep_ali/src/ed25519_scalar_mult_air.rs:42:32
   |
42 | use crate::ed25519_field_air::{place_element, read_element};
   |                                ^^^^^^^^^^^^^  ^^^^^^^^^^^^

warning: unused import: `read_cond_add_output`
  --> crates/deep_ali/src/ed25519_scalar_mult_air.rs:49:5
   |
49 |     read_cond_add_output,
   |     ^^^^^^^^^^^^^^^^^^^^

warning: unused imports: `pad_message_to_blocks` and `self`
  --> crates/deep_ali/src/ed25519_verify_air.rs:92:5
   |
92 |     self, ROWS_PER_BLOCK as SHA512_ROWS_PER_BLOCK,
   |     ^^^^
...
95 |     pad_message_to_blocks,
   |     ^^^^^^^^^^^^^^^^^^^^^

warning: unused imports: `SCALAR_REDUCE_OWNED_CELLS` and `self`
  --> crates/deep_ali/src/ed25519_verify_air.rs:98:5
   |
98 |     self, ScalarReduceGadgetLayout,
   |     ^^^^
99 |     SCALAR_REDUCE_OWNED_CELLS, SCALAR_REDUCE_CONSTRAINTS,
   |     ^^^^^^^^^^^^^^^^^^^^^^^^^

warning: unused imports: `MUL_GADGET_OWNED_CELLS` and `SUB_GADGET_OWNED_CELLS`
   --> crates/deep_ali/src/ed25519_verify_air.rs:108:22
    |
108 |     SubGadgetLayout, SUB_GADGET_OWNED_CELLS, SUB_GADGET_CONSTRAINTS,
    |                      ^^^^^^^^^^^^^^^^^^^^^^
109 |     fill_sub_gadget, eval_sub_gadget,
110 |     MulGadgetLayout, MUL_GADGET_OWNED_CELLS, MUL_GADGET_CONSTRAINTS,
    |                      ^^^^^^^^^^^^^^^^^^^^^^

warning: unused import: `BigInteger`
    --> crates/deep_ali/src/ed25519_verify_air.rs:4982:26
     |
4982 |             use ark_ff::{BigInteger, PrimeField};
     |                          ^^^^^^^^^^

warning: unused import: `BigInteger`
    --> crates/deep_ali/src/ed25519_verify_air.rs:5063:30
     |
5063 |                 use ark_ff::{BigInteger, PrimeField};
     |                              ^^^^^^^^^^

warning: unused import: `rsa_mul_gadget_constraints`
  --> crates/deep_ali/src/rsa2048_exp_air.rs:51:46
   |
51 |     fill_rsa_mul_gadget, limbs80_to_biguint, rsa_mul_gadget_constraints,
   |                                              ^^^^^^^^^^^^^^^^^^^^^^^^^^

warning: unused import: `One`
  --> crates/deep_ali/src/rsa2048_stacked_air.rs:25:14
   |
25 | use ark_ff::{One, Zero};
   |              ^^^

warning: unused import: `rsa_exp_multirow_constraints`
  --> crates/deep_ali/src/rsa2048_stacked_air.rs:31:28
   |
31 |     fill_rsa_exp_multirow, rsa_exp_multirow_constraints,
   |                            ^^^^^^^^^^^^^^^^^^^^^^^^^^^^

warning: unnecessary parentheses around block return value
   --> crates/deep_ali/src/keccak_f1600_air.rs:133:5
    |
133 |     (0..ROUND_WIDTH)
    |     ^              ^
    |
    = note: `#[warn(unused_parens)]` on by default
help: remove these parentheses
    |
133 -     (0..ROUND_WIDTH)
133 +     0..ROUND_WIDTH
    |

warning: unused imports: `LANE_BITS` and `STATE_BITS`
  --> crates/deep_ali/src/ml_dsa_shake_absorb_air.rs:63:32
   |
63 |     self, cols, post_iota_col, LANE_BITS, ROUND_WIDTH, STATE_BITS,
   |                                ^^^^^^^^^               ^^^^^^^^^^

warning: unused import: `Q`
   --> crates/deep_ali/src/ml_dsa_rej_count_air.rs:113:33
    |
113 |     use crate::ml_dsa::params::{Q, N};
    |                                 ^

warning: unused import: `self`
   --> crates/deep_ali/src/ml_dsa_rej_count_air.rs:116:9
    |
116 |         self, build_absorbed_state, SHAKE_128_RATE_BYTES,
    |         ^^^^

warning: unused import: `self`
   --> crates/deep_ali/src/ml_dsa_rej_count_air.rs:119:9
    |
119 |         self, squeeze_native, SqueezeLayout,
    |         ^^^^

warning: unused import: `NUM_LANES`
  --> crates/deep_ali/src/ml_dsa_transcript.rs:40:27
   |
40 | use crate::keccak_f1600::{NUM_LANES, ROUNDS};
   |                           ^^^^^^^^^

warning: unused imports: `LANE_BITS`, `ROUND_WIDTH`, `STATE_BITS`, and `cols`
  --> crates/deep_ali/src/ml_dsa_transcript.rs:41:31
   |
41 | use crate::keccak_f1600_air::{cols, post_iota_col, LANE_BITS, ROUND_WIDTH, STATE_BITS};
   |                               ^^^^                 ^^^^^^^^^  ^^^^^^^^^^^  ^^^^^^^^^^

warning: unused import: `N`
  --> crates/deep_ali/src/ml_dsa_verify_air_v2_layout.rs:88:36
   |
88 |     use crate::ml_dsa::params::{K, N};
   |                                    ^

warning: unused import: `crate::keccak_f1600`
  --> crates/deep_ali/src/ml_dsa_verify_air_v2_orchestration.rs:51:5
   |
51 | use crate::keccak_f1600;
   |     ^^^^^^^^^^^^^^^^^^^

warning: unused import: `MultiAbsorbLayout`
  --> crates/deep_ali/src/ml_dsa_verify_air_v2_orchestration.rs:68:50
   |
68 | use crate::ml_dsa_shake_absorb_multi_air::{self, MultiAbsorbLayout};
   |                                                  ^^^^^^^^^^^^^^^^^

warning: unused import: `Zero as _`
  --> crates/deep_ali/src/sub_air_with_trace.rs:28:31
   |
28 | use ark_ff::{Field, One as _, Zero as _};
   |                               ^^^^^^^^^

warning: unused import: `Field`
   --> crates/deep_ali/src/binding_cells_commit.rs:414:18
    |
414 |     use ark_ff::{Field, Zero};
    |                  ^^^^^

warning: unused import: `Field`
 --> crates/deep_ali/src/lib.rs:7:14
  |
7 | use ark_ff::{Field, Zero};
  |              ^^^^^

warning: unused import: `ark_ff::UniformRand`
    --> crates/deep_ali/src/fri.rs:3747:13
     |
3747 |         use ark_ff::UniformRand;
     |             ^^^^^^^^^^^^^^^^^^^

warning: unused import: `Field`
  --> crates/deep_ali/src/ed25519_field_air.rs:93:14
   |
93 | use ark_ff::{Field, Zero, One};
   |              ^^^^^

warning: unused import: `Field`
  --> crates/deep_ali/src/ed25519_group_air.rs:61:14
   |
61 | use ark_ff::{Field, Zero, One};
   |              ^^^^^

warning: unused import: `Field`
  --> crates/deep_ali/src/ed25519_scalar_mult_air.rs:38:14
   |
38 | use ark_ff::{Field, Zero, One};
   |              ^^^^^

warning: unused import: `Field`
  --> crates/deep_ali/src/ed25519_verify_air.rs:88:14
   |
88 | use ark_ff::{Field, Zero, One};
   |              ^^^^^

warning: unused import: `num_traits::Zero`
  --> crates/deep_ali/src/rsa2048_field_air.rs:53:5
   |
53 | use num_traits::Zero as _;
   |     ^^^^^^^^^^^^^^^^

warning: value assigned to `z_current` is never read
    --> crates/deep_ali/src/fri.rs:1655:13
     |
1655 |             z_current = ext_pow(z_current, m as u64);
     |             ^^^^^^^^^
     |
     = help: maybe it is overwritten before being read?
     = note: `#[warn(unused_assignments)]` on by default

warning: value assigned to `cur_size` is never read
    --> crates/deep_ali/src/fri.rs:1745:9
     |
1745 |         cur_size = n_final;
     |         ^^^^^^^^
     |
     = help: maybe it is overwritten before being read?

warning: value assigned to `z_current` is never read
    --> crates/deep_ali/src/fri.rs:2276:13
     |
2276 |             z_current = ext_pow(z_current, m as u64);
     |             ^^^^^^^^^
     |
     = help: maybe it is overwritten before being read?

warning: value assigned to `k_bits` is never read
    --> crates/deep_ali/src/air_workloads.rs:1096:17
     |
1096 |         let mut k_bits = vec![false; 8];
     |                 ^^^^^^
     |
     = help: maybe it is overwritten before being read?

warning: variable does not need to be mutable
    --> crates/deep_ali/src/ed25519_group_air.rs:1270:13
     |
1270 |         let mut trace = make_trace_row({
     |             ----^^^^^
     |             |
     |             help: remove this `mut`
     |
     = note: `#[warn(unused_mut)]` on by default

warning: value assigned to `acc` is never read
   --> crates/deep_ali/src/ml_dsa_ntt.rs:173:9
    |
173 |         acc = (acc * acc) % Q as u64;
    |         ^^^
    |
    = help: maybe it is overwritten before being read?

warning: `deep_ali` (lib test) generated 47 warnings (run `cargo fix --lib -p deep_ali --tests` to apply 35 suggestions)
    Finished `release` profile [optimized] target(s) in 0.06s
     Running unittests src/lib.rs (target/release/deps/deep_ali-8f80c3c4fc210471)

running 1 test
[v2_bench] level=L5 scheme=ML-DSA-87 r=105 blowup=32 rayon_threads=10
[v2_bench] prove_ms = 58218.6
test ml_dsa_verify_air_v2_orchestration::tests::v2_bench has been running for over 60 seconds
[v2_bench] proof_kib = 29588.7
[v2_bench] verify 1 ms = 359.81
[v2_bench] verify 2 ms = 349.80
[v2_bench] verify 3 ms = 351.98
v2_bench level=L5 scheme=ML-DSA-87 ext=Fp8 hash=SHA3-512 r=105 blowup=32 threads=10 prove_ms=58219 verify_ms=351.98 proof_kib=29588.7
test ml_dsa_verify_air_v2_orchestration::tests::v2_bench ... ok

test result: ok. 1 passed; 0 failed; 0 ignored; 0 measured; 546 filtered out; finished in 62.43s

