warning: ark-goldilocks@0.1.0: Selected INV for -1 convention: 18446744069414584319
warning: unused imports: `Digest32` and `Digest64`
 --> crates/hash/src/sha3_impl.rs:2:27
  |
2 | use crate::digest_types::{Digest32, Digest48, Digest64};
  |                           ^^^^^^^^            ^^^^^^^^
  |
  = note: `#[warn(unused_imports)]` on by default

warning: unused import: `sha3::Digest`
 --> crates/hash/src/selected.rs:6:5
  |
6 | use sha3::Digest;   // re-export the trait so callers can do Digest::update
  |     ^^^^^^^^^^^^

warning: `hash` (lib) generated 2 warnings (run `cargo fix --lib -p hash` to apply 2 suggestions)
warning: unused import: `std::collections::HashMap`
 --> crates/deep_ali/src/trace_import.rs:6:5
  |
6 | use std::collections::HashMap;
  |     ^^^^^^^^^^^^^^^^^^^^^^^^^
  |
  = note: `#[warn(unused_imports)]` on by default

warning: unused imports: `Field`, `One`, and `Zero`
  --> crates/deep_ali/src/octic_ext.rs:16:14
   |
16 | use ark_ff::{Zero, One, Field};
   |              ^^^^  ^^^  ^^^^^

warning: unused import: `UniformRand`
  --> crates/deep_ali/src/air_workloads.rs:16:32
   |
16 | use ark_ff::{Field, Zero, One, UniformRand};
   |                                ^^^^^^^^^^^

warning: unused imports: `SeedableRng` and `rngs::StdRng`
  --> crates/deep_ali/src/air_workloads.rs:18:12
   |
18 | use rand::{rngs::StdRng, SeedableRng};
   |            ^^^^^^^^^^^^  ^^^^^^^^^^^

warning: unused imports: `Field` and `PrimeField`
   --> crates/deep_ali/src/sha256_air.rs:129:14
    |
129 | use ark_ff::{Field, Zero, One, PrimeField};
    |              ^^^^^             ^^^^^^^^^^

warning: unused import: `BigInteger`
    --> crates/deep_ali/src/sha512_air.rs:1302:18
     |
1302 |     use ark_ff::{BigInteger, PrimeField};
     |                  ^^^^^^^^^^

warning: unused import: `Field`
  --> crates/deep_ali/src/ed25519_field_air.rs:93:14
   |
93 | use ark_ff::{Field, Zero, One};
   |              ^^^^^

warning: unused import: `BigInteger`
   --> crates/deep_ali/src/ed25519_field_air.rs:176:18
    |
176 |     use ark_ff::{BigInteger, PrimeField};
    |                  ^^^^^^^^^^

warning: unused import: `Field`
  --> crates/deep_ali/src/ed25519_group_air.rs:61:14
   |
61 | use ark_ff::{Field, Zero, One};
   |              ^^^^^

warning: unused imports: `ELEMENT_CELLS`, `SELECT_GADGET_OWNED_CELLS`, and `place_element`
  --> crates/deep_ali/src/ed25519_group_air.rs:69:25
   |
69 |     SelectGadgetLayout, SELECT_GADGET_OWNED_CELLS, SELECT_GADGET_CONSTRAINTS,
   |                         ^^^^^^^^^^^^^^^^^^^^^^^^^
70 |     place_element, read_element, fill_add_gadget, eval_add_gadget,
   |     ^^^^^^^^^^^^^
...
73 |     ELEMENT_LIMB_CELLS, ELEMENT_CELLS,
   |                         ^^^^^^^^^^^^^

warning: unused import: `Field`
  --> crates/deep_ali/src/ed25519_scalar_air.rs:51:14
   |
51 | use ark_ff::{Field, Zero, One};
   |              ^^^^^

warning: unused imports: `One` and `Zero`
  --> crates/deep_ali/src/ed25519_scalar_mult_air.rs:38:21
   |
38 | use ark_ff::{Field, Zero, One};
   |                     ^^^^  ^^^

warning: unused imports: `place_element` and `read_element`
  --> crates/deep_ali/src/ed25519_scalar_mult_air.rs:42:32
   |
42 | use crate::ed25519_field_air::{place_element, read_element};
   |                                ^^^^^^^^^^^^^  ^^^^^^^^^^^^

warning: unused import: `read_cond_add_output`
  --> crates/deep_ali/src/ed25519_scalar_mult_air.rs:49:5
   |
49 |     read_cond_add_output,
   |     ^^^^^^^^^^^^^^^^^^^^

warning: unused imports: `pad_message_to_blocks` and `self`
  --> crates/deep_ali/src/ed25519_verify_air.rs:92:5
   |
92 |     self, ROWS_PER_BLOCK as SHA512_ROWS_PER_BLOCK,
   |     ^^^^
...
95 |     pad_message_to_blocks,
   |     ^^^^^^^^^^^^^^^^^^^^^

warning: unused imports: `SCALAR_REDUCE_OWNED_CELLS` and `self`
  --> crates/deep_ali/src/ed25519_verify_air.rs:98:5
   |
98 |     self, ScalarReduceGadgetLayout,
   |     ^^^^
99 |     SCALAR_REDUCE_OWNED_CELLS, SCALAR_REDUCE_CONSTRAINTS,
   |     ^^^^^^^^^^^^^^^^^^^^^^^^^

warning: unused imports: `MUL_GADGET_OWNED_CELLS` and `SUB_GADGET_OWNED_CELLS`
   --> crates/deep_ali/src/ed25519_verify_air.rs:108:22
    |
108 |     SubGadgetLayout, SUB_GADGET_OWNED_CELLS, SUB_GADGET_CONSTRAINTS,
    |                      ^^^^^^^^^^^^^^^^^^^^^^
109 |     fill_sub_gadget, eval_sub_gadget,
110 |     MulGadgetLayout, MUL_GADGET_OWNED_CELLS, MUL_GADGET_CONSTRAINTS,
    |                      ^^^^^^^^^^^^^^^^^^^^^^

warning: unused import: `rsa_mul_gadget_constraints`
  --> crates/deep_ali/src/rsa2048_exp_air.rs:51:46
   |
51 |     fill_rsa_mul_gadget, limbs80_to_biguint, rsa_mul_gadget_constraints,
   |                                              ^^^^^^^^^^^^^^^^^^^^^^^^^^

warning: unused imports: `One` and `Zero`
  --> crates/deep_ali/src/rsa2048_stacked_air.rs:25:14
   |
25 | use ark_ff::{One, Zero};
   |              ^^^  ^^^^

warning: unused import: `rsa_exp_multirow_constraints`
  --> crates/deep_ali/src/rsa2048_stacked_air.rs:31:28
   |
31 |     fill_rsa_exp_multirow, rsa_exp_multirow_constraints,
   |                            ^^^^^^^^^^^^^^^^^^^^^^^^^^^^

warning: unused import: `crate::ml_dsa_field`
  --> crates/deep_ali/src/ml_dsa_field_air.rs:46:5
   |
46 | use crate::ml_dsa_field;
   |     ^^^^^^^^^^^^^^^^^^^

warning: unused import: `crate::ml_dsa_norm_check::Z_BOUND`
  --> crates/deep_ali/src/ml_dsa_norm_check_air.rs:33:5
   |
33 | use crate::ml_dsa_norm_check::Z_BOUND;
   |     ^^^^^^^^^^^^^^^^^^^^^^^^^^^^^^^^^

warning: unused import: `One`
  --> crates/deep_ali/src/ml_dsa_verify_air.rs:64:14
   |
64 | use ark_ff::{One, Zero};
   |              ^^^

warning: unused import: `Q`
  --> crates/deep_ali/src/ml_dsa_verify_air_v15.rs:50:38
   |
50 | use crate::ml_dsa::params::{K, L, N, Q};
   |                                      ^

warning: unused import: `Zero`
  --> crates/deep_ali/src/keccak_f1600_air.rs:52:19
   |
52 | use ark_ff::{One, Zero};
   |                   ^^^^

warning: unnecessary parentheses around block return value
   --> crates/deep_ali/src/keccak_f1600_air.rs:133:5
    |
133 |     (0..ROUND_WIDTH)
    |     ^              ^
    |
    = note: `#[warn(unused_parens)]` on by default
help: remove these parentheses
    |
133 -     (0..ROUND_WIDTH)
133 +     0..ROUND_WIDTH
    |

warning: unused imports: `LANE_BITS`, `STATE_BITS`, and `cols`
  --> crates/deep_ali/src/ml_dsa_shake_absorb_air.rs:63:11
   |
63 |     self, cols, post_iota_col, LANE_BITS, ROUND_WIDTH, STATE_BITS,
   |           ^^^^                 ^^^^^^^^^               ^^^^^^^^^^

warning: unused import: `state_in_col`
  --> crates/deep_ali/src/ml_dsa_shake_absorb_multi_air.rs:55:32
   |
55 |     self, cols, post_iota_col, state_in_col, LANE_BITS, ROUND_WIDTH, STATE_BITS,
   |                                ^^^^^^^^^^^^

warning: unused import: `state_in_col`
  --> crates/deep_ali/src/ml_dsa_shake_squeeze_air.rs:58:32
   |
58 |     self, cols, post_iota_col, state_in_col, LANE_BITS, ROUND_WIDTH, STATE_BITS,
   |                                ^^^^^^^^^^^^

warning: unused import: `NUM_LANES`
  --> crates/deep_ali/src/ml_dsa_transcript.rs:40:27
   |
40 | use crate::keccak_f1600::{NUM_LANES, ROUNDS};
   |                           ^^^^^^^^^

warning: unused imports: `LANE_BITS`, `ROUND_WIDTH`, `STATE_BITS`, and `cols`
  --> crates/deep_ali/src/ml_dsa_transcript.rs:41:31
   |
41 | use crate::keccak_f1600_air::{cols, post_iota_col, LANE_BITS, ROUND_WIDTH, STATE_BITS};
   |                               ^^^^                 ^^^^^^^^^  ^^^^^^^^^^^  ^^^^^^^^^^

warning: unused import: `ark_ff::Zero as _`
  --> crates/deep_ali/src/ml_dsa_intt_via_t7.rs:48:5
   |
48 | use ark_ff::Zero as _;
   |     ^^^^^^^^^^^^^^^^^

warning: unused import: `N`
  --> crates/deep_ali/src/ml_dsa_verify_air_v2_layout.rs:88:36
   |
88 |     use crate::ml_dsa::params::{K, N};
   |                                    ^

warning: unused import: `crate::keccak_f1600`
  --> crates/deep_ali/src/ml_dsa_verify_air_v2_orchestration.rs:51:5
   |
51 | use crate::keccak_f1600;
   |     ^^^^^^^^^^^^^^^^^^^

warning: unused import: `MultiAbsorbLayout`
  --> crates/deep_ali/src/ml_dsa_verify_air_v2_orchestration.rs:68:50
   |
68 | use crate::ml_dsa_shake_absorb_multi_air::{self, MultiAbsorbLayout};
   |                                                  ^^^^^^^^^^^^^^^^^

warning: unused import: `Zero as _`
  --> crates/deep_ali/src/sub_air_with_trace.rs:28:31
   |
28 | use ark_ff::{Field, One as _, Zero as _};
   |                               ^^^^^^^^^

warning: unused import: `Field`
 --> crates/deep_ali/src/lib.rs:7:14
  |
7 | use ark_ff::{Field, Zero};
  |              ^^^^^

warning: unused import: `Field`
  --> crates/deep_ali/src/ed25519_scalar_mult_air.rs:38:14
   |
38 | use ark_ff::{Field, Zero, One};
   |              ^^^^^

warning: unused import: `Field`
  --> crates/deep_ali/src/ed25519_verify_air.rs:88:14
   |
88 | use ark_ff::{Field, Zero, One};
   |              ^^^^^

warning: unused import: `num_traits::Zero`
  --> crates/deep_ali/src/rsa2048_field_air.rs:53:5
   |
53 | use num_traits::Zero as _;
   |     ^^^^^^^^^^^^^^^^

warning: value assigned to `z_current` is never read
    --> crates/deep_ali/src/fri.rs:1655:13
     |
1655 |             z_current = ext_pow(z_current, m as u64);
     |             ^^^^^^^^^
     |
     = help: maybe it is overwritten before being read?
     = note: `#[warn(unused_assignments)]` on by default

warning: value assigned to `cur_size` is never read
    --> crates/deep_ali/src/fri.rs:1745:9
     |
1745 |         cur_size = n_final;
     |         ^^^^^^^^
     |
     = help: maybe it is overwritten before being read?

warning: value assigned to `z_current` is never read
    --> crates/deep_ali/src/fri.rs:2276:13
     |
2276 |             z_current = ext_pow(z_current, m as u64);
     |             ^^^^^^^^^
     |
     = help: maybe it is overwritten before being read?

warning: value assigned to `k_bits` is never read
    --> crates/deep_ali/src/air_workloads.rs:1096:17
     |
1096 |         let mut k_bits = vec![false; 8];
     |                 ^^^^^^
     |
     = help: maybe it is overwritten before being read?

warning: `deep_ali` (lib) generated 44 warnings (run `cargo fix --lib -p deep_ali` to apply 36 suggestions)
warning: unused import: `PI_LANE_INDICES as _`
   --> crates/wrapper-stark/src/keccak_round_air.rs:308:30
    |
308 | use crate::sha3_absorb_air::{PI_LANE_INDICES as _, RHO_OFFSETS};
    |                              ^^^^^^^^^^^^^^^^^^^^
    |
    = note: `#[warn(unused_imports)]` on by default

warning: unused imports: `AlwaysConstraint`, `ColRef`, `RowUniformConstraint`, `SelectorIndex`, and `UniformRowSchema`
  --> crates/wrapper-stark/src/fri_bridge.rs:67:5
   |
67 |     AlwaysConstraint, ColRef, RowUniformConstraint, RowUniformOp,
   |     ^^^^^^^^^^^^^^^^  ^^^^^^  ^^^^^^^^^^^^^^^^^^^^
68 |     SelectorIndex, UniformAirConstraints, UniformRowSchema, UniformTrace,
   |     ^^^^^^^^^^^^^                         ^^^^^^^^^^^^^^^^

warning: unused import: `ark_goldilocks::Goldilocks`
   --> crates/wrapper-stark/src/fri_bridge.rs:186:5
    |
186 | use ark_goldilocks::Goldilocks;
    |     ^^^^^^^^^^^^^^^^^^^^^^^^^^

warning: unused imports: `UniformRowSchema` and `UniformTrace`
   --> crates/wrapper-stark/src/fri_bridge.rs:534:32
    |
534 |         UniformAirConstraints, UniformRowSchema, UniformTrace,
    |                                ^^^^^^^^^^^^^^^^  ^^^^^^^^^^^^

warning: unused imports: `Sha3Variant as _Sha3VariantUnused` and `keccak_round_bit_level`
   --> crates/wrapper-stark/src/row_uniform.rs:732:32
    |
732 |     BitState, ROUND_CONSTANTS, Sha3Variant as _Sha3VariantUnused,
    |                                ^^^^^^^^^^^^^^^^^^^^^^^^^^^^^^^^^
733 |     keccak_round_bit_level, lane_to_bits,
    |     ^^^^^^^^^^^^^^^^^^^^^^

warning: unused import: `ark_ff::Field`
  --> crates/wrapper-stark/src/wrapper_prover.rs:34:5
   |
34 | use ark_ff::Field;
   |     ^^^^^^^^^^^^^

warning: unused imports: `UniformAirConstraints`, `selector_pattern`, and `state_threading_constraints`
    --> crates/wrapper-stark/src/merkle_path_air.rs:1134:9
     |
1134 |         UniformAirConstraints, global_booleanity_constraints,
     |         ^^^^^^^^^^^^^^^^^^^^^
1135 |         state_threading_constraints, selector_pattern,
     |         ^^^^^^^^^^^^^^^^^^^^^^^^^^^  ^^^^^^^^^^^^^^^^

warning: unused import: `crate::bit_constraint::FieldTraceAccess`
    --> crates/wrapper-stark/src/merkle_path_air.rs:1137:9
     |
1137 |     use crate::bit_constraint::FieldTraceAccess;
     |         ^^^^^^^^^^^^^^^^^^^^^^^^^^^^^^^^^^^^^^^

warning: unused import: `ark_ff::Field`
   --> crates/wrapper-stark/src/merkle_prover.rs:372:9
    |
372 |     use ark_ff::Field;
    |         ^^^^^^^^^^^^^

warning: unused import: `ark_ff::Zero`
   --> crates/wrapper-stark/src/merkle_path_air.rs:934:9
    |
934 |     use ark_ff::Zero;
    |         ^^^^^^^^^^^^

warning: unused import: `Zero`
   --> crates/wrapper-stark/src/deep_ali_verifier_air.rs:817:25
    |
817 |     use ark_ff::{Field, Zero};
    |                         ^^^^

warning: value assigned to `left` is never read
    --> crates/wrapper-stark/src/deep_ali_verifier_air.rs:1802:22
     |
1802 |             let _ = (left, right) = (claim.left.clone(), claim.right.clone());
     |                      ^^^^
     |
     = help: maybe it is overwritten before being read?
     = note: `#[warn(unused_assignments)]` on by default

warning: value assigned to `right` is never read
    --> crates/wrapper-stark/src/deep_ali_verifier_air.rs:1802:28
     |
1802 |             let _ = (left, right) = (claim.left.clone(), claim.right.clone());
     |                            ^^^^^
     |
     = help: maybe it is overwritten before being read?

warning: `wrapper-stark` (lib test) generated 13 warnings (run `cargo fix --lib -p wrapper-stark --tests` to apply 9 suggestions)
    Finished `release` profile [optimized] target(s) in 0.05s
     Running unittests src/lib.rs (target/release/deps/wrapper_stark-368dfef0c71fe90e)

running 1 test
recursive_stark variant=L3 blowup=4 r=79 ldt=fri prove_ms=1.3 verify_ms=1.08 proof_kib=394.4 n_trace=8 n_constraints=6 n_ood=7 n_perm=5
test recursive_prover::tests::bench_recursive_stark ... ok

test result: ok. 1 passed; 0 failed; 0 ignored; 0 measured; 301 filtered out; finished in 0.01s

