[v2_bench] level=L1 scheme=ML-DSA-44 r=55 blowup=4 rayon_threads=4
[v2_bench] prove_ms = 3496.8
[v2_bench] proof_kib = 24622.5
[v2_bench] verify 1 ms = 525.37
[v2_bench] verify 2 ms = 517.75
[v2_bench] verify 3 ms = 515.66
       10.04 real        10.64 user         0.28 sys
           796000256  maximum resident set size
                   0  average shared memory size
                   0  average unshared data size
                   0  average unshared stack size
               63895  page reclaims
                  19  page faults
                   0  swaps
                   0  block input operations
                   0  block output operations
                   0  messages sent
                   0  messages received
                   0  signals received
                   1  voluntary context switches
                9537  involuntary context switches
        175034205877  instructions retired
         46146116027  cycles elapsed
           547062792  peak memory footprint
