[v2_bench] level=L5 scheme=ML-DSA-87 r=108 blowup=4 rayon_threads=4
[v2_bench] prove_ms = 9052.7
[v2_bench] proof_kib = 75474.0
[v2_bench] verify 1 ms = 2621.95
[v2_bench] verify 2 ms = 2661.09
[v2_bench] verify 3 ms = 2648.14
       30.61 real        32.95 user         0.90 sys
          1748549632  maximum resident set size
                   0  average shared memory size
                   0  average unshared data size
                   0  average unshared stack size
              172806  page reclaims
                   0  page faults
                   0  swaps
                   0  block input operations
                   0  block output operations
                   0  messages sent
                   0  messages received
                   0  signals received
                   0  voluntary context switches
               14099  involuntary context switches
        532754031906  instructions retired
        136021154828  cycles elapsed
           965478344  peak memory footprint
