warning: unused imports: `Digest48` and `Digest64`
 --> crates/hash/src/sha3_impl.rs:2:37
  |
2 | use crate::digest_types::{Digest32, Digest48, Digest64};
  |                                     ^^^^^^^^  ^^^^^^^^
  |
  = note: `#[warn(unused_imports)]` (part of `#[warn(unused)]`) on by default

warning: unused import: `sha3::Digest`
 --> crates/hash/src/selected.rs:6:5
  |
6 | use sha3::Digest;   // re-export the trait so callers can do Digest::update
  |     ^^^^^^^^^^^^

warning: ark-goldilocks@0.1.0: Selected INV for -1 convention: 18446744069414584319
warning: `hash` (lib) generated 2 warnings (run `cargo fix --lib -p hash` to apply 2 suggestions)
warning: unused import: `std::collections::HashMap`
 --> crates/deep_ali/src/trace_import.rs:6:5
  |
6 | use std::collections::HashMap;
  |     ^^^^^^^^^^^^^^^^^^^^^^^^^
  |
  = note: `#[warn(unused_imports)]` (part of `#[warn(unused)]`) on by default

warning: unused imports: `Field`, `One`, and `Zero`
  --> crates/deep_ali/src/octic_ext.rs:16:14
   |
16 | use ark_ff::{Zero, One, Field};
   |              ^^^^  ^^^  ^^^^^

warning: unused import: `UniformRand`
  --> crates/deep_ali/src/air_workloads.rs:16:32
   |
16 | use ark_ff::{Field, Zero, One, UniformRand};
   |                                ^^^^^^^^^^^

warning: unused imports: `SeedableRng` and `rngs::StdRng`
  --> crates/deep_ali/src/air_workloads.rs:18:12
   |
18 | use rand::{rngs::StdRng, SeedableRng};
   |            ^^^^^^^^^^^^  ^^^^^^^^^^^

warning: unused imports: `Field` and `PrimeField`
   --> crates/deep_ali/src/sha256_air.rs:129:14
    |
129 | use ark_ff::{Field, Zero, One, PrimeField};
    |              ^^^^^             ^^^^^^^^^^

warning: unused import: `BigInteger`
    --> crates/deep_ali/src/sha512_air.rs:1302:18
     |
1302 |     use ark_ff::{BigInteger, PrimeField};
     |                  ^^^^^^^^^^

warning: unused import: `Field`
  --> crates/deep_ali/src/ed25519_field_air.rs:93:14
   |
93 | use ark_ff::{Field, Zero, One};
   |              ^^^^^

warning: unused import: `BigInteger`
   --> crates/deep_ali/src/ed25519_field_air.rs:176:18
    |
176 |     use ark_ff::{BigInteger, PrimeField};
    |                  ^^^^^^^^^^

warning: unused import: `Field`
  --> crates/deep_ali/src/ed25519_group_air.rs:61:14
   |
61 | use ark_ff::{Field, Zero, One};
   |              ^^^^^

warning: unused imports: `ELEMENT_CELLS`, `SELECT_GADGET_OWNED_CELLS`, and `place_element`
  --> crates/deep_ali/src/ed25519_group_air.rs:69:25
   |
69 |     SelectGadgetLayout, SELECT_GADGET_OWNED_CELLS, SELECT_GADGET_CONSTRAINTS,
   |                         ^^^^^^^^^^^^^^^^^^^^^^^^^
70 |     place_element, read_element, fill_add_gadget, eval_add_gadget,
   |     ^^^^^^^^^^^^^
...
73 |     ELEMENT_LIMB_CELLS, ELEMENT_CELLS,
   |                         ^^^^^^^^^^^^^

warning: unused import: `Field`
  --> crates/deep_ali/src/ed25519_scalar_air.rs:51:14
   |
51 | use ark_ff::{Field, Zero, One};
   |              ^^^^^

warning: unused imports: `One` and `Zero`
  --> crates/deep_ali/src/ed25519_scalar_mult_air.rs:38:21
   |
38 | use ark_ff::{Field, Zero, One};
   |                     ^^^^  ^^^

warning: unused imports: `place_element` and `read_element`
  --> crates/deep_ali/src/ed25519_scalar_mult_air.rs:42:32
   |
42 | use crate::ed25519_field_air::{place_element, read_element};
   |                                ^^^^^^^^^^^^^  ^^^^^^^^^^^^

warning: unused import: `read_cond_add_output`
  --> crates/deep_ali/src/ed25519_scalar_mult_air.rs:49:5
   |
49 |     read_cond_add_output,
   |     ^^^^^^^^^^^^^^^^^^^^

warning: unused imports: `pad_message_to_blocks` and `self`
  --> crates/deep_ali/src/ed25519_verify_air.rs:92:5
   |
92 |     self, ROWS_PER_BLOCK as SHA512_ROWS_PER_BLOCK,
   |     ^^^^
...
95 |     pad_message_to_blocks,
   |     ^^^^^^^^^^^^^^^^^^^^^

warning: unused imports: `SCALAR_REDUCE_OWNED_CELLS` and `self`
  --> crates/deep_ali/src/ed25519_verify_air.rs:98:5
   |
98 |     self, ScalarReduceGadgetLayout,
   |     ^^^^
99 |     SCALAR_REDUCE_OWNED_CELLS, SCALAR_REDUCE_CONSTRAINTS,
   |     ^^^^^^^^^^^^^^^^^^^^^^^^^

warning: unused imports: `MUL_GADGET_OWNED_CELLS` and `SUB_GADGET_OWNED_CELLS`
   --> crates/deep_ali/src/ed25519_verify_air.rs:108:22
    |
108 |     SubGadgetLayout, SUB_GADGET_OWNED_CELLS, SUB_GADGET_CONSTRAINTS,
    |                      ^^^^^^^^^^^^^^^^^^^^^^
109 |     fill_sub_gadget, eval_sub_gadget,
110 |     MulGadgetLayout, MUL_GADGET_OWNED_CELLS, MUL_GADGET_CONSTRAINTS,
    |                      ^^^^^^^^^^^^^^^^^^^^^^

warning: unused import: `rsa_mul_gadget_constraints`
  --> crates/deep_ali/src/rsa2048_exp_air.rs:51:46
   |
51 |     fill_rsa_mul_gadget, limbs80_to_biguint, rsa_mul_gadget_constraints,
   |                                              ^^^^^^^^^^^^^^^^^^^^^^^^^^

warning: unused imports: `One` and `Zero`
  --> crates/deep_ali/src/rsa2048_stacked_air.rs:25:14
   |
25 | use ark_ff::{One, Zero};
   |              ^^^  ^^^^

warning: unused import: `rsa_exp_multirow_constraints`
  --> crates/deep_ali/src/rsa2048_stacked_air.rs:31:28
   |
31 |     fill_rsa_exp_multirow, rsa_exp_multirow_constraints,
   |                            ^^^^^^^^^^^^^^^^^^^^^^^^^^^^

warning: unused import: `crate::ml_dsa_field`
  --> crates/deep_ali/src/ml_dsa_field_air.rs:46:5
   |
46 | use crate::ml_dsa_field;
   |     ^^^^^^^^^^^^^^^^^^^

warning: unused import: `crate::ml_dsa_norm_check::Z_BOUND`
  --> crates/deep_ali/src/ml_dsa_norm_check_air.rs:33:5
   |
33 | use crate::ml_dsa_norm_check::Z_BOUND;
   |     ^^^^^^^^^^^^^^^^^^^^^^^^^^^^^^^^^

warning: unused import: `One`
  --> crates/deep_ali/src/ml_dsa_verify_air.rs:64:14
   |
64 | use ark_ff::{One, Zero};
   |              ^^^

warning: unused import: `Q`
  --> crates/deep_ali/src/ml_dsa_verify_air_v15.rs:50:38
   |
50 | use crate::ml_dsa::params::{K, L, N, Q};
   |                                      ^

warning: unused import: `Zero`
  --> crates/deep_ali/src/keccak_f1600_air.rs:52:19
   |
52 | use ark_ff::{One, Zero};
   |                   ^^^^

warning: unnecessary parentheses around block return value
   --> crates/deep_ali/src/keccak_f1600_air.rs:133:5
    |
133 |     (0..ROUND_WIDTH)
    |     ^              ^
    |
    = note: `#[warn(unused_parens)]` (part of `#[warn(unused)]`) on by default
help: remove these parentheses
    |
133 -     (0..ROUND_WIDTH)
133 +     0..ROUND_WIDTH
    |

warning: unused imports: `LANE_BITS`, `STATE_BITS`, and `cols`
  --> crates/deep_ali/src/ml_dsa_shake_absorb_air.rs:63:11
   |
63 |     self, cols, post_iota_col, LANE_BITS, ROUND_WIDTH, STATE_BITS,
   |           ^^^^                 ^^^^^^^^^               ^^^^^^^^^^

warning: unused import: `state_in_col`
  --> crates/deep_ali/src/ml_dsa_shake_absorb_multi_air.rs:55:32
   |
55 |     self, cols, post_iota_col, state_in_col, LANE_BITS, ROUND_WIDTH, STATE_BITS,
   |                                ^^^^^^^^^^^^

warning: unused import: `state_in_col`
  --> crates/deep_ali/src/ml_dsa_shake_squeeze_air.rs:58:32
   |
58 |     self, cols, post_iota_col, state_in_col, LANE_BITS, ROUND_WIDTH, STATE_BITS,
   |                                ^^^^^^^^^^^^

warning: unused import: `NUM_LANES`
  --> crates/deep_ali/src/ml_dsa_transcript.rs:40:27
   |
40 | use crate::keccak_f1600::{NUM_LANES, ROUNDS};
   |                           ^^^^^^^^^

warning: unused imports: `LANE_BITS`, `ROUND_WIDTH`, `STATE_BITS`, and `cols`
  --> crates/deep_ali/src/ml_dsa_transcript.rs:41:31
   |
41 | use crate::keccak_f1600_air::{cols, post_iota_col, LANE_BITS, ROUND_WIDTH, STATE_BITS};
   |                               ^^^^                 ^^^^^^^^^  ^^^^^^^^^^^  ^^^^^^^^^^

warning: unused import: `ark_ff::Zero as _`
  --> crates/deep_ali/src/ml_dsa_intt_via_t7.rs:48:5
   |
48 | use ark_ff::Zero as _;
   |     ^^^^^^^^^^^^^^^^^

warning: unused import: `N`
  --> crates/deep_ali/src/ml_dsa_verify_air_v2_layout.rs:92:36
   |
92 |     use crate::ml_dsa::params::{K, N};
   |                                    ^

warning: unused import: `crate::keccak_f1600`
  --> crates/deep_ali/src/ml_dsa_verify_air_v2_orchestration.rs:51:5
   |
51 | use crate::keccak_f1600;
   |     ^^^^^^^^^^^^^^^^^^^

warning: unused import: `MultiAbsorbLayout`
  --> crates/deep_ali/src/ml_dsa_verify_air_v2_orchestration.rs:68:50
   |
68 | use crate::ml_dsa_shake_absorb_multi_air::{self, MultiAbsorbLayout};
   |                                                  ^^^^^^^^^^^^^^^^^

warning: unnecessary parentheses around index expression
   --> crates/deep_ali/src/ml_dsa_verify_air_v2_orchestration.rs:227:43
    |
227 |             let r0_sign = use_hint_inputs[(k * N + i)].1 as u64;
    |                                           ^         ^
    |
help: remove these parentheses
    |
227 -             let r0_sign = use_hint_inputs[(k * N + i)].1 as u64;
227 +             let r0_sign = use_hint_inputs[k * N + i].1 as u64;
    |

warning: unused import: `Zero as _`
  --> crates/deep_ali/src/sub_air_with_trace.rs:28:31
   |
28 | use ark_ff::{Field, One as _, Zero as _};
   |                               ^^^^^^^^^

warning: unused import: `Field`
 --> crates/deep_ali/src/lib.rs:7:14
  |
7 | use ark_ff::{Field, Zero};
  |              ^^^^^

warning: unused import: `Field`
  --> crates/deep_ali/src/ed25519_scalar_mult_air.rs:38:14
   |
38 | use ark_ff::{Field, Zero, One};
   |              ^^^^^

warning: unused import: `Field`
  --> crates/deep_ali/src/ed25519_verify_air.rs:88:14
   |
88 | use ark_ff::{Field, Zero, One};
   |              ^^^^^

warning: unused import: `num_traits::Zero`
  --> crates/deep_ali/src/rsa2048_field_air.rs:53:5
   |
53 | use num_traits::Zero as _;
   |     ^^^^^^^^^^^^^^^^

warning: value assigned to `z_current` is never read
    --> crates/deep_ali/src/fri.rs:1592:13
     |
1592 |             z_current = ext_pow(z_current, m as u64);
     |             ^^^^^^^^^^^^^^^^^^^^^^^^^^^^^^^^^^^^^^^^
     |
     = help: maybe it is overwritten before being read?
     = note: `#[warn(unused_assignments)]` (part of `#[warn(unused)]`) on by default

warning: value assigned to `cur_size` is never read
    --> crates/deep_ali/src/fri.rs:1682:9
     |
1682 |         cur_size = n_final;
     |         ^^^^^^^^^^^^^^^^^^
     |
     = help: maybe it is overwritten before being read?

warning: value assigned to `z_current` is never read
    --> crates/deep_ali/src/fri.rs:2213:13
     |
2213 |             z_current = ext_pow(z_current, m as u64);
     |             ^^^^^^^^^^^^^^^^^^^^^^^^^^^^^^^^^^^^^^^^
     |
     = help: maybe it is overwritten before being read?

warning: `deep_ali` (lib) generated 44 warnings (run `cargo fix --lib -p deep_ali` to apply 37 suggestions)
    Finished `release` profile [optimized] target(s) in 1.05s
     Running `target/release/examples/simple_air_scaling --air PoseidonChain 11 12 13 14 15 16 17 18 19 20 21 22 23 24`
=== simple_air_scaling: AIR=PoseidonChain, blowup=32, r=54, ldt=stir, rayon_threads=16 ===
simple_air_scaling air=PoseidonChain log2_n=11 n_trace=2048 blowup=32 r=54 ldt=stir threads=16 prove_ms=635 verify_ms=1.05 proof_kib=135.5
simple_air_scaling air=PoseidonChain log2_n=12 n_trace=4096 blowup=32 r=54 ldt=stir threads=16 prove_ms=1255 verify_ms=1.09 proof_kib=137.3
simple_air_scaling air=PoseidonChain log2_n=13 n_trace=8192 blowup=32 r=54 ldt=stir threads=16 prove_ms=2514 verify_ms=1.21 proof_kib=164.5
simple_air_scaling air=PoseidonChain log2_n=14 n_trace=16384 blowup=32 r=54 ldt=stir threads=16 prove_ms=5083 verify_ms=1.22 proof_kib=166.3
simple_air_scaling air=PoseidonChain log2_n=15 n_trace=32768 blowup=32 r=54 ldt=stir threads=16 prove_ms=10306 verify_ms=1.26 proof_kib=168.1
simple_air_scaling air=PoseidonChain log2_n=16 n_trace=65536 blowup=32 r=54 ldt=stir threads=16 prove_ms=21023 verify_ms=1.29 proof_kib=169.9
simple_air_scaling air=PoseidonChain log2_n=17 n_trace=131072 blowup=32 r=54 ldt=stir threads=16 prove_ms=42570 verify_ms=1.42 proof_kib=197.0
simple_air_scaling air=PoseidonChain log2_n=18 n_trace=262144 blowup=32 r=54 ldt=stir threads=16 prove_ms=86250 verify_ms=1.44 proof_kib=198.8
simple_air_scaling air=PoseidonChain log2_n=19 n_trace=524288 blowup=32 r=54 ldt=stir threads=16 prove_ms=174481 verify_ms=1.48 proof_kib=200.6
simple_air_scaling air=PoseidonChain log2_n=20 n_trace=1048576 blowup=32 r=54 ldt=stir threads=16 prove_ms=353791 verify_ms=1.53 proof_kib=202.5
simple_air_scaling air=PoseidonChain log2_n=21 n_trace=2097152 blowup=32 r=54 ldt=stir threads=16 prove_ms=717571 verify_ms=1.61 proof_kib=229.6
simple_air_scaling air=PoseidonChain log2_n=22 n_trace=4194304 blowup=32 r=54 ldt=stir threads=16 prove_ms=1451448 verify_ms=1.64 proof_kib=231.4
